============================================================
TOPIC: Artificial Intelligence will create more jobs than it destroys
============================================================

--- ROUND 1 ---

[PRO] Generating...
[PRO] As we embark on this debate, it's essential to recognize that Artificial Intelligence is not a replacement for human ingenuity, but rather a catalyst that will augment our capabilities, leading to the creation of new job opportunities that we cannot yet anticipate. The World Economic Forum has already noted that while AI may displace 75 million jobs, it will also generate 133 million new roles, resulting in a net gain of 58 million jobs. By harnessing the power of AI, we will unlock unprecedented levels of productivity and innovation, giving rise to entirely new industries and job markets that will redefine the future of work.

[CON] Generating...
[CON] I strongly disagree with the notion that Artificial Intelligence will create more jobs than it destroys. The World Economic Forum's predictions are based on a narrow definition of work, which doesn't account for the significant displacement of middle-class jobs, particularly in sectors such as manufacturing, transportation, and healthcare, where AI is most likely to replace human labor. This narrow focus on net job creation glosses over the very real consequences of technological unemployment that will be felt by millions of workers worldwide.

--- ROUND 2 ---

[PRO] Generating...
[PRO] My opponent's concerns about the displacement of middle-class jobs are understandable, but they overlook the fact that AI will also enable the growth of entirely new sectors, such as AI training and development, data science, and cybersecurity, which will require a vast array of skilled workers. Furthermore, the notion that AI will only replace jobs in manufacturing, transportation, and healthcare is overly simplistic, as these industries will also see the creation of new job roles, such as AI ethicists, robot technicians, and healthcare data analysts, that will more than offset the losses. By embracing AI, we will not only mitigate the risks of technological unemployment but also unlock new opportunities for social mobility and economic growth, as workers are upskilled and reskilled to thrive in an AI-driven economy.

[CON] Generating...
[CON] While the PRO side enthusiastically touts the emergence of new sectors as a panacea for technological unemployment, it fails to acknowledge the significant barriers to entry for those who lack the necessary educational and professional credentials to fill these new roles. Moreover, the notion that AI ethicists, robot technicians, and healthcare data analysts will simply "offset" the losses in manufacturing, transportation, and healthcare is a gross underestimation of the magnitude of job displacement we are likely to see. By downplaying the complexity of this issue, the PRO side ignores the very real consequences of creating a two-tiered workforce, where the benefits of AI innovation are reserved for a select few with the means to adapt.

============================================================
[OK] Both agents working!
============================================================
